Menu
----
1. New Game
2. Load Game
3. Credits
4. Quit

> 
Starting a New Game
Enter a name for player 1
> Enter a name for player 2
> 
Let's Play!

	[48;2;0;255;34;30m=== Start Round ===[m

TURN FOR PLAYER:player1
Factories:
0: [48;2;255;255;255;30mF[m 
1: [48;2;255;0;0mR[m [48;2;255;0;0mR[m [48;2;255;0;0mR[m [48;2;101;136;233mL[m 
2: [48;2;0;0;0mU[m [48;2;0;0;0mU[m [48;2;255;165;0;30mO[m [48;2;255;255;0;30mY[m 
3: [48;2;0;0;0mU[m [48;2;0;9;255mB[m [48;2;255;255;0;30mY[m [48;2;255;255;0;30mY[m 
4: [48;2;0;9;255mB[m [48;2;101;136;233mL[m [48;2;255;165;0;30mO[m [48;2;255;165;0;30mO[m 
5: [48;2;0;0;0mU[m [48;2;0;9;255mB[m [48;2;255;0;0mR[m [48;2;255;165;0;30mO[m 

Mosaic for player1			Mosaic for player2
1:           .  || . . . . . . 		          .  || . . . . . . 		
2:         . .  || . . . . . . 		        . .  || . . . . . . 		
3:       . . .  || . . . . . . 		      . . .  || . . . . . . 		
4:     . . . .  || . . . . . . 		    . . . .  || . . . . . . 		
5:   . . . . .  || . . . . . . 		  . . . . .  || . . . . . . 		
6: . . . . . .  || . . . . . . 		. . . . . .  || . . . . . . 		
Broken: 				Broken: 
> [48;2;0;255;34;30mTurn Successful.[m

TURN FOR PLAYER:player2
Factories:
0: [48;2;255;255;255;30mF[m 
1: 
2: [48;2;0;0;0mU[m [48;2;0;0;0mU[m [48;2;255;165;0;30mO[m [48;2;255;255;0;30mY[m 
3: [48;2;0;0;0mU[m [48;2;0;9;255mB[m [48;2;255;255;0;30mY[m [48;2;255;255;0;30mY[m 
4: [48;2;0;9;255mB[m [48;2;101;136;233mL[m [48;2;255;165;0;30mO[m [48;2;255;165;0;30mO[m 
5: [48;2;0;0;0mU[m [48;2;0;9;255mB[m [48;2;255;0;0mR[m [48;2;255;165;0;30mO[m 

Mosaic for player2			Mosaic for player1
1:           .  || . . . . . . 		          .  || . . . . . . 		
2:         . .  || . . . . . . 		        . .  || . . . . . . 		
3:       . . .  || . . . . . . 		      . . .  || . . . . . . 		
4:     . . . .  || . . . . . . 		    . . . .  || . . . . . . 		
5:   . . . . .  || . . . . . . 		  . . . . .  || . . . . . . 		
6: . . . . . .  || . . . . . . 		. . . . . .  || . . . . . . 		
Broken: 				Broken: [48;2;255;0;0mR[m [48;2;255;0;0mR[m [48;2;255;0;0mR[m [48;2;101;136;233mL[m 
> 

Goodbye
